// Jest Snapshot v1, https://goo.gl/fbAQLP

exports[`MinimalIndexedDB create DB flow should make a DB and a store 1`] = `
Object {
  "createObjectStore": [MockFunction] {
    "calls": Array [
      Array [
        "sample_store",
        Object {
          "keyPath": "id",
        },
      ],
    ],
  },
}
`;

exports[`MinimalIndexedDB create DB flow should make a DB and a store 2`] = `
Object {
  "providedOptions": Object {
    "keyPath": "id",
  },
  "storeName": "sample_store",
}
`;
